`trust_remote_code` is not supported anymore.
Please check that the Hugging Face dataset 'piqa' isn't based on a loading script and remove `trust_remote_code`.
If the dataset is based on a loading script, please ask the dataset author to remove it and convert it to a standard format like Parquet.
Warning: You are sending unauthenticated requests to the HF Hub. Please set a HF_TOKEN to enable higher rate limits and faster downloads.
[device] mps | dataset piqa | limit 150
Traceback (most recent call last):
  File "/Users/prateek.rajput/Documents/EBMs/energy-coding/scripts/mcq_eval.py", line 203, in <module>
    main()
    ~~~~^^
  File "/Users/prateek.rajput/Documents/EBMs/energy-coding/scripts/mcq_eval.py", line 173, in main
    items = load_mcq(args.dataset, args.limit)
  File "/Users/prateek.rajput/Documents/EBMs/energy-coding/scripts/mcq_eval.py", line 62, in load_mcq
    ds = load_dataset("piqa", split="validation", trust_remote_code=True)
  File "/Users/prateek.rajput/Documents/EBMs/energy-coding/.venv_local/lib/python3.13/site-packages/datasets/load.py", line 1698, in load_dataset
    builder_instance = load_dataset_builder(
        path=path,
    ...<10 lines>...
        **config_kwargs,
    )
  File "/Users/prateek.rajput/Documents/EBMs/energy-coding/.venv_local/lib/python3.13/site-packages/datasets/load.py", line 1325, in load_dataset_builder
    dataset_module = dataset_module_factory(
        path,
    ...<5 lines>...
        cache_dir=cache_dir,
    )
  File "/Users/prateek.rajput/Documents/EBMs/energy-coding/.venv_local/lib/python3.13/site-packages/datasets/load.py", line 1217, in dataset_module_factory
    raise e1 from None
  File "/Users/prateek.rajput/Documents/EBMs/energy-coding/.venv_local/lib/python3.13/site-packages/datasets/load.py", line 1177, in dataset_module_factory
    raise RuntimeError(f"Dataset scripts are no longer supported, but found {filename}")
RuntimeError: Dataset scripts are no longer supported, but found piqa.py
