Warning: You are sending unauthenticated requests to the HF Hub. Please set a HF_TOKEN to enable higher rate limits and faster downloads.
/Users/prateek.rajput/Documents/EBMs/energy-coding/scripts/mcq_eval.py:104: UserWarning: Converting a tensor with requires_grad=True to a scalar may lead to unexpected behavior.
Consider using tensor.detach() first. (Triggered internally at /Users/runner/work/pytorch/pytorch/torch/csrc/autograd/generated/python_variable_methods.cpp:839.)
  total += float(logprobs[pos, full_ids[j]])
[device] mps | dataset arc_easy | limit 200
[data] 200 questions, 4 choices -> random = 25.0%

[ebt] loaded models/ebt_191m/ebt_191m_pretrain_base_step7000.pt (step 7000)
    depth 1: 25/200 done (8s)
    depth 1: 50/200 done (16s)
    depth 1: 75/200 done (23s)
    depth 1: 100/200 done (30s)
    depth 1: 125/200 done (37s)
    depth 1: 150/200 done (44s)
    depth 1: 175/200 done (51s)
    depth 1: 200/200 done (58s)
  >> EBT depth=1: acc=47.0%  acc_norm=41.5%
    depth 2: 25/200 done (12s)
    depth 2: 50/200 done (24s)
    depth 2: 75/200 done (38s)
    depth 2: 100/200 done (50s)
    depth 2: 125/200 done (63s)
    depth 2: 150/200 done (76s)
    depth 2: 175/200 done (88s)
    depth 2: 200/200 done (100s)
  >> EBT depth=2: acc=45.5%  acc_norm=38.5%
    depth 4: 25/200 done (23s)
    depth 4: 50/200 done (46s)
    depth 4: 75/200 done (70s)
    depth 4: 100/200 done (94s)
    depth 4: 125/200 done (119s)
    depth 4: 150/200 done (147s)
    depth 4: 175/200 done (170s)
    depth 4: 200/200 done (194s)
  >> EBT depth=4: acc=45.0%  acc_norm=39.5%
Loading weights:   0%|          | 0/148 [00:00<?, ?it/s]Loading weights: 100%|██████████| 148/148 [00:00<00:00, 20813.31it/s]
  >> SLM gpt2: acc=44.5%  acc_norm=33.5%

================ SUMMARY ================
model                        acc  acc_norm
EBT depth=1                47.0%     41.5%
EBT depth=2                45.5%     38.5%
EBT depth=4                45.0%     39.5%
SLM gpt2                   44.5%     33.5%
random baseline:           25.0%
